// Jest Snapshot v1, https://goo.gl/fbAQLP

exports[`Snapshot 1`] = `
<div>
  <header>
    <p
      class="TransliterationHeader__description"
    >
      Balbodduh lifuseb wuuk nasu hulwajo ho hiskuk riwa eldat ivu jandara nosrina abike befukiz ravsus.
    </p>
    <p
      class="TransliterationHeader__description"
    >
      Zut uzzejum ub mil ika roppar zewize ipifac vut eci avimez cewmikjov kiwso zamli jecja now.
    </p>
    <p
      class="TransliterationHeader__publication"
    >
      (Publication: 
      Guod cigipli epibif odepuwu.
      )
    </p>
  </header>
  <ol
    class="Transliteration"
  >
    <li
      class="Transliteration__TextLine"
    >
      <span>
        1.
      </span>
       
      <span
        class="Transliteration__Word"
      >
        <span
          class="Transliteration__Reading"
        >
          kur
          <span
            class="Transliteration__modifier"
          >
            @v
          </span>
          <sup
            class="Transliteration__flag"
          >
            #!
          </sup>
        </span>
        <span
          class="Transliteration__Joiner"
        >
          .
        </span>
        <span
          class="Transliteration__Reading"
        >
          kur
          <sub
            class="Transliteration__subIndex"
          >
            x
          </sub>
          <span
            class="Transliteration__modifier"
          />
          <sup
            class="Transliteration__flag"
          />
          <span
            class="Transliteration__bracket"
          >
            (
          </span>
          <span
            class="Transliteration__Grapheme"
          >
            KUR
            <span
              class="Transliteration__modifier"
            />
            <sup
              class="Transliteration__flag"
            />
          </span>
          <span
            class="Transliteration__bracket"
          >
            )
          </span>
        </span>
        <span
          class="Transliteration__Joiner"
        >
          -
        </span>
        <span
          class="Transliteration__Logogram"
        >
          KUR
          <sub
            class="Transliteration__subIndex"
          >
            2
          </sub>
          <span
            class="Transliteration__modifier"
          >
            @v
          </span>
          <sup
            class="Transliteration__flag"
          >
            #!
          </sup>
        </span>
      </span>
       
      <span
        class="Transliteration__Word"
      >
        <span
          class="Transliteration__CompoundGrapheme"
        >
          |KUR.KUR|
        </span>
      </span>
       
      <span
        class="Transliteration__UnknownNumberOfSigns"
      >
        â€¦
      </span>
       
      <span
        class="Transliteration__UnidentifiedSign"
      >
        X
        <sup
          class="Transliteration__flag"
        />
      </span>
       
      <span
        class="Transliteration__UnclearSign"
      >
        x
        <sup
          class="Transliteration__flag"
        />
      </span>
       
      <span
        class="Transliteration__Variant"
      >
        <span
          class="Transliteration__Reading"
        >
          kur
          <span
            class="Transliteration__modifier"
          />
          <sup
            class="Transliteration__flag"
          />
        </span>
        /
        <span
          class="Transliteration__Logogram"
        >
          KUR
          <span
            class="Transliteration__modifier"
          />
          <sup
            class="Transliteration__flag"
          />
          <span
            class="Transliteration__bracket"
          >
            &lt;(
          </span>
          <span
            class="Transliteration__Reading"
          >
            kur
            <span
              class="Transliteration__modifier"
            />
            <sup
              class="Transliteration__flag"
            />
          </span>
          <span
            class="Transliteration__bracket"
          >
            )&gt;
          </span>
        </span>
      </span>
       
      <span
        class="Transliteration__Word"
      >
        <span
          class="Transliteration__Determinative"
        >
          <sup>
            <span
              class="Transliteration__Reading"
            >
              d
              <span
                class="Transliteration__modifier"
              />
              <sup
                class="Transliteration__flag"
              />
            </span>
            <span
              class="Transliteration__Joiner"
            >
              -
            </span>
            <span
              class="Transliteration__Reading"
            >
              kur
              <sub
                class="Transliteration__subIndex"
              >
                2
              </sub>
              <span
                class="Transliteration__modifier"
              />
              <sup
                class="Transliteration__flag"
              >
                ?
              </sup>
            </span>
          </sup>
        </span>
        <span
          class="Transliteration__Determinative"
        >
          <sup>
            <span
              class="Transliteration__Reading"
            >
              d
              <span
                class="Transliteration__modifier"
              />
              <sup
                class="Transliteration__flag"
              >
                !
              </sup>
            </span>
          </sup>
        </span>
        <span
          class="Transliteration__Reading"
        >
          kur
          <span
            class="Transliteration__modifier"
          />
          <sup
            class="Transliteration__flag"
          />
        </span>
        <span
          class="Transliteration__LinguisticGloss"
        >
          <sup>
            <span
              class="Transliteration__Reading"
            >
              kur
              <span
                class="Transliteration__modifier"
              />
              <sup
                class="Transliteration__flag"
              />
            </span>
          </sup>
        </span>
      </span>
       
      <span
        class="Transliteration__Word"
      >
        <span
          class="Transliteration__Reading"
        >
          kur
          <span
            class="Transliteration__modifier"
          />
          <sup
            class="Transliteration__flag"
          />
        </span>
        <span
          class="Transliteration__Joiner"
        >
          -
        </span>
        <span
          class="Transliteration__LinguisticGloss"
        >
          <sup>
            <span
              class="Transliteration__Reading"
            >
              kur
              <span
                class="Transliteration__modifier"
              />
              <sup
                class="Transliteration__flag"
              />
            </span>
            <span
              class="Transliteration__Joiner"
            >
              -
            </span>
            <span
              class="Transliteration__Reading"
            >
              kur
              <span
                class="Transliteration__modifier"
              />
              <sup
                class="Transliteration__flag"
              />
            </span>
          </sup>
        </span>
        <span
          class="Transliteration__Reading"
        >
          kur
          <span
            class="Transliteration__modifier"
          />
          <sup
            class="Transliteration__flag"
          />
        </span>
      </span>
    </li>
  </ol>
</div>
`;
