// Jest Snapshot v1, https://goo.gl/fbAQLP

exports[`Display annotate view Snapshot 1`] = `
<div>
  <div
    class="main-body"
  >
    <header
      class="Header"
    >
      <nav
        class="navbar navbar-expand-md navbar-light"
      >
        <div
          class="container"
        >
          <a
            class="active navbar-brand"
            href="/"
            title="electronic Babylonian Library (eBL)"
          >
            <h1
              class="Header__title"
            >
              <span
                class="Header__title-main"
              >
                electronic
                <br />
                Babylonian
                <br />
                Library
              </span>
              <small
                class="Header__title-abbreviation"
              >
                eBL
              </small>
            </h1>
          </a>
          <span
            class="navbar-brand"
          >
            <div
              class="Header__logo-container container"
            >
              <a
                href="https://www.lmu.de"
                rel="noopener noreferrer"
                target="_blank"
              >
                <img
                  class="Header__lmu-logo img-fluid"
                  src="LMU_Logo.svg"
                />
              </a>
              <a
                href="https://badw.de/"
                rel="noopener noreferrer"
                target="_blank"
              >
                <img
                  class="Header__badw-logo img-fluid"
                  src="BAdW_Logo.svg"
                />
              </a>
            </div>
          </span>
          <button
            aria-controls="Header-7"
            aria-label="Toggle navigation"
            class="navbar-toggler collapsed"
            type="button"
          >
            <span
              class="navbar-toggler-icon"
            />
          </button>
          <div
            class="navbar-collapse collapse"
            id="Header-7"
          >
            <div
              class="d-flex justify-content-between"
              id="navbar-container"
            >
              <div
                id="menu-lines"
              >
                <div
                  class="mx-auto navbar-nav"
                >
                  <div
                    class="nav-item"
                  >
                    <a
                      class="nav-link"
                      data-rb-event-key="/signs"
                      href="/signs"
                    >
                      Signs
                    </a>
                  </div>
                  <div
                    class="nav-item"
                  >
                    <a
                      class="nav-link"
                      data-rb-event-key="/dictionary"
                      href="/dictionary"
                    >
                      Dictionary
                    </a>
                  </div>
                  <div
                    class="nav-item"
                  >
                    <a
                      class="nav-link"
                      data-rb-event-key="/corpus"
                      href="/corpus"
                    >
                      Corpus
                    </a>
                  </div>
                  <div
                    class="nav-item"
                  >
                    <a
                      class="active nav-link"
                      data-rb-event-key="/library"
                      href="/library"
                    >
                      Fragmentarium
                    </a>
                  </div>
                </div>
                <div
                  class="mx-auto navbar-nav"
                >
                  <div
                    class="nav-item"
                  >
                    <a
                      class="nav-link"
                      data-rb-event-key="/about"
                      href="/about"
                    >
                      About
                    </a>
                  </div>
                  <div
                    class="nav-item"
                  >
                    <a
                      class="nav-link"
                      data-rb-event-key="/bibliography"
                      href="/bibliography"
                    >
                      Bibliography
                    </a>
                  </div>
                  <div
                    class="nav-item"
                  >
                    <a
                      class="nav-link"
                      data-rb-event-key="/tools"
                      href="/tools"
                    >
                      Tools
                    </a>
                  </div>
                  <div
                    class="nav-item"
                  >
                    <a
                      class="nav-link"
                      data-rb-event-key="/projects"
                      href="/projects"
                    >
                      Projects
                    </a>
                  </div>
                </div>
              </div>
              <span
                class="navbar-text"
                id="user"
              >
                <button
                  class="btn btn-outline-secondary btn-sm"
                  type="button"
                >
                  Logout 
                  Test
                </button>
              </span>
            </div>
          </div>
        </div>
      </nav>
    </header>
    <main
      class="main main--wide"
    >
      <div
        class="main__content"
      >
        <header
          class="main__header"
        >
          <nav
            aria-label="breadcrumb"
            class="main__breadcrumbs"
          >
            <ol
              class="breadcrumb"
            >
              <li
                class="breadcrumb-item active"
              >
                <a
                  href="/"
                >
                  eBL
                </a>
              </li>
              <li
                class="breadcrumb-item active"
              >
                <a
                  href="/library"
                >
                  Fragmentarium
                </a>
              </li>
              <li
                class="breadcrumb-item active"
              >
                <a
                  href="/library/Test.Fragment"
                >
                  Test.Fragment
                </a>
              </li>
              <li
                aria-current="page"
                class="breadcrumb-item active"
              >
                Tag Signs
              </li>
            </ol>
          </nav>
          <h2
            class="main__heading"
          >
            Tag Signs
          </h2>
          <div
            class="main__toolbar btn-toolbar"
            role="toolbar"
          />
        </header>
        <div
          class="btn-group"
          role="group"
        >
          <button
            class="btn btn-outline-dark"
            type="button"
          >
            Generate Annotations
          </button>
          <button
            class="btn btn-outline-dark"
            type="button"
          >
            Automatic Selection
          </button>
          <button
            class="btn btn-outline-dark"
            type="button"
          >
            Delete all
          </button>
          <button
            class="btn btn-outline-dark"
            type="button"
          >
            Save
          </button>
          <button
            class="btn btn-outline-dark"
            type="button"
          >
            Show Card
          </button>
        </div>
        <div
          class="ml-3  btn-group-vertical btn-group-sm"
          role="group"
        >
          <button
            class="btn btn-outline-dark"
            disabled=""
            type="button"
          >
            Mode: 
            default
          </button>
        </div>
        <i
          class="m-2 fas fa-info-circle"
        />
        <span
          class="text-danger"
        >
          ‚Üê Please read this!
        </span>
        <div
          class="row"
        >
          <div
            class="col-5"
          >
            <div
              class="mt-5 pt-4 row"
            >
              <div
                class="card"
              >
                <div
                  class="card-body"
                >
                  <div
                    class="row"
                  >
                    <div
                      class="col-1"
                    >
                      <button
                        class="btn btn-outline-dark btn-sm"
                        disabled=""
                        type="button"
                      >
                        blank
                      </button>
                    </div>
                    <div
                      class="col-1"
                    >
                      <button
                        class="btn btn-outline-dark btn-sm"
                        disabled=""
                        type="button"
                      >
                        struct
                      </button>
                    </div>
                    <div
                      class="col-1"
                    >
                      <button
                        class="btn btn-outline-dark btn-sm"
                        disabled=""
                        type="button"
                      >
                        x
                      </button>
                    </div>
                    <div
                      class="col-4 offset-4"
                    />
                  </div>
                  <hr />
                  <div>
                    <span>
                      10.
                       
                    </span>
                    <span>
                      [...]
                       
                    </span>
                  </div>
                  <div>
                    <span>
                      10.
                       
                    </span>
                  </div>
                  <div>
                    <span>
                      10.
                       
                    </span>
                    <span>
                      |
                       
                    </span>
                  </div>
                  <div>
                    <span>
                      10.
                       
                    </span>
                    <span>
                      ...
                       
                    </span>
                    <span>
                      ...
                       
                    </span>
                    <span>
                      ...
                       
                    </span>
                  </div>
                </div>
              </div>
            </div>
          </div>
          <div
            class="mt-5 ml-0 mr-0 pl-1 pr-0 col-1"
          >
            <input
              class="h-75 ml-0 mr-0 pl-0 pr-0"
              orient="vertical"
              type="range"
              value="100"
            />
          </div>
          <div
            class="pl-0 col-6"
            style="padding-top: 0px; margin-left: -100px;"
          >
            <div
              class="my-3 row"
            >
              <div
                class="col-auto"
              >
                <div
                  class="btn-group"
                  role="group"
                >
                  <button
                    class="btn btn-outline-dark"
                    type="button"
                  >
                    Zoom In +
                  </button>
                  <button
                    class="btn btn-outline-dark"
                    type="button"
                  >
                    Zoom Out -
                  </button>
                  <button
                    class="btn btn-outline-dark"
                    type="button"
                  >
                    Reset
                  </button>
                </div>
              </div>
              <div
                class="text-center my-auto col"
              >
                Zoom with Mouse wheel. Pan while holding shift
              </div>
            </div>
            <div
              class="react-transform-wrapper transform-component-module_wrapper__1_Fgj "
            >
              <div
                class="react-transform-component transform-component-module_content__2jYgh "
                style="transform: translate3d(0px, 0px, 0) scale(1);"
              >
                <div
                  class="sc-iwsKbI bNCCdn"
                >
                  <img
                    alt="Test.Fragment"
                    class="sc-gZMcBi gVmiLs"
                    draggable="false"
                    src="mock url"
                  />
                  <div
                    class="sc-gqjmRU inYJUn"
                  >
                    <div
                      data-testid="annotation__box"
                      style="transform: scale(0.3); transform-origin: top left; position: absolute; left: 100%; top: 45.7%; height: 13.333333333333334%; width: 0.06666666666666667%; border: 1px solid aliceblue; padding: 0px;"
                    >
                      <span
                        style="position: absolute; top: -1px; left: -1px; margin: 0px; padding: 0px; background: whitesmoke; opacity: 0.5; font-size: .8em;"
                      >
                        kur
                      </span>
                    </div>
                  </div>
                  <div
                    class="sc-gqjmRU inYJUn"
                    data-testid="annotation__target"
                  />
                  <div
                    class="sc-dnqmqq ixSjBM"
                  >
                    Click and Drag to Annotate
                  </div>
                  <div />
                </div>
              </div>
            </div>
          </div>
        </div>
      </div>
    </main>
    <footer
      class="main-footer"
    >
      <ol
        class="breadcrumb"
      >
        <li
          class="nav-item"
        >
          <a
            class="nav-link"
            href="/impressum"
          >
            Impressum
          </a>
        </li>
        <li
          class="nav-item"
        >
          <a
            class="nav-link"
            href="/datenschutz"
          >
            Datenschutz
          </a>
        </li>
      </ol>
    </footer>
  </div>
</div>
`;
