// Jest Snapshot v1, https://goo.gl/fbAQLP

exports[`Diplay chapter Snapshot 1`] = `
<div>
  <header
    class="Header"
  >
    <nav
      class="navbar navbar-expand-md navbar-light"
    >
      <div
        class="container"
      >
        <span
          class="navbar-brand"
        >
          <a
            href="https://www.lmu.de"
            rel="noopener noreferrer"
            target="_blank"
          >
            <img
              class="Header__corporate-logo img-fluid"
              src="LMU_Logo.svg"
            />
          </a>
        </span>
        <a
          class="active navbar-brand"
          href="/"
          title="electronic Babylonian Literature (eBL)"
        >
          <h1
            class="Header__title"
          >
            <span
              class="Header__title-main"
            >
              electronic
              <br />
              Babylonian
              <br />
              Literature
            </span>
            <small
              class="Header__title-abbreviation"
            >
              eBL
            </small>
          </h1>
        </a>
        <div
          class="navbar-collapse collapse"
          id="Header-2"
        >
          <div
            class="mx-auto navbar-nav"
          >
            <div
              class="nav-item"
            >
              <a
                class="nav-link"
                data-rb-event-key="/signs"
                href="/signs"
              >
                Signs
              </a>
            </div>
            <div
              class="nav-item"
            >
              <a
                class="nav-link"
                data-rb-event-key="/dictionary"
                href="/dictionary"
              >
                Dictionary
              </a>
            </div>
            <div
              class="nav-item"
            >
              <a
                class="active nav-link"
                data-rb-event-key="/corpus"
                href="/corpus"
              >
                Corpus
              </a>
            </div>
            <div
              class="nav-item"
            >
              <a
                class="nav-link"
                data-rb-event-key="/fragmentarium"
                href="/fragmentarium"
              >
                Fragmentarium
              </a>
            </div>
            <div
              class="nav-item"
            >
              <a
                class="nav-link"
                data-rb-event-key="/bibliography"
                href="/bibliography"
              >
                Bibliography
              </a>
            </div>
          </div>
          <span
            class="navbar-text"
          >
            <button
              class="btn btn-outline-secondary btn-sm"
              type="button"
            >
              Logout 
              Test
            </button>
          </span>
        </div>
        <button
          aria-controls="Header-2"
          aria-label="Toggle navigation"
          class="navbar-toggler collapsed"
          type="button"
        >
          <span
            class="navbar-toggler-icon"
          />
        </button>
      </div>
    </nav>
  </header>
  <section
    class="App-content"
  >
    <header
      class="App-content__header"
    >
      <nav
        aria-label="breadcrumb"
      >
        <ol
          class="breadcrumb"
        >
          <li
            class="breadcrumb-item active"
          >
            <a
              href="/"
            >
              eBL
            </a>
          </li>
          <li
            class="breadcrumb-item active"
          >
            <a
              href="/corpus"
            >
              Corpus
            </a>
          </li>
          <li
            class="breadcrumb-item active"
          >
            <a
              href="/corpus/L"
            >
              L
            </a>
          </li>
          <li
            class="breadcrumb-item active"
          >
            <a
              href="/corpus/L/1/1"
            >
              I.1 Lo sikfagdeh ir lino oveagfes bohhi watil te zulreziv weemwin fodiric ipagiiki wugob coh bowko iz owaofoece zuh.
            </a>
          </li>
          <li
            aria-current="page"
            class="breadcrumb-item active"
          >
            Chapter Old Babylonian The Only Chapter
          </li>
        </ol>
      </nav>
      <div
        class="float-right btn-toolbar"
        role="toolbar"
      >
        <div
          class="btn-group"
          role="group"
        >
          <div
            class="dropdown btn-group"
            role="group"
          >
            <button
              aria-expanded="false"
              aria-haspopup="true"
              class="dropdown-toggle btn btn-outline-primary"
              type="button"
            >
              Go to
            </button>
          </div>
          <a
            class="btn btn-outline-primary"
            href="/corpus/L/1/1/Old%20Babylonian/The%20Only%20Chapter/edit"
          >
            <i
              class="fas fa-edit"
            />
             Edit
          </a>
        </div>
      </div>
      <h2>
        Lo sikfagdeh ir lino oveagfes bohhi watil te zulreziv weemwin fodiric ipagiiki wugob coh bowko iz owaofoece zuh.
        <br />
        <small>
          Chapter
           
          The Only Chapter
           
          <span>
            <span>
              Pofo jarikat vowhukod voawka pigiz jato milatas sik desit ronvojjiw ga muvcaeni ke.
            </span>
          </span>
        </small>
      </h2>
    </header>
    <table
      class="chapter-display"
    >
      <tbody>
        <tr>
          <td
            class="chapter-display__intertext"
            colspan="4"
          >
            (
            <span>
              <span>
                Na pur gi tufse lero hel patedofo hiusiwal otlucvi fac vokifel umihineni mi gepzor puji famih.
              </span>
            </span>
            )
          </td>
        </tr>
        <tr
          class="chapter-display__line chapter-display__line--is-second-line-of-parallelism chapter-display__line--is-beginning-of-section"
        >
          <td
            class="chapter-display__line-number"
          >
            1
          </td>
          <td
            colspan="1"
          >
            <span
              class="Transliteration__wordSeparator Transliteration__wordSeparator--AKKADIAN"
            >
               
            </span>
            <span
              class="Transliteration__AkkadianWord Transliteration__AkkadianWord--AKKADIAN"
            >
              <span
                class=""
              >
                <span
                  class="Transliteration__ValueToken"
                >
                  <span
                    class=""
                  >
                    kur-kur
                  </span>
                </span>
                <sup />
              </span>
            </span>
          </td>
          <td
            class="chapter-display__line-number"
          >
            1
          </td>
          <td
            class="chapter-display__translation"
          >
            <div>
              <span>
                Weg bocuvaor fite vanupu zopab sun rofu wapzelaf uc uhoev ficdogpih wujfoj komtedzi ver.
              </span>
            </div>
          </td>
        </tr>
        <tr>
          <td
            class="chapter-display__intertext"
            colspan="4"
          >
            (
            <span>
              <span>
                Zenkitu kuklot lohid etoek geezu ve diluwgar ki zopvonfe beb ki alpemhi cucvugkez cir ujbi ude.
              </span>
            </span>
            )
          </td>
        </tr>
        <tr
          class="chapter-display__line"
        >
          <td
            class="chapter-display__line-number"
          >
            2
          </td>
          <td
            colspan="1"
          >
            <span
              class="Transliteration__wordSeparator Transliteration__wordSeparator--AKKADIAN"
            >
               
            </span>
            <span
              class="Transliteration__AkkadianWord Transliteration__AkkadianWord--AKKADIAN"
            >
              <span
                class=""
              >
                <span
                  class="Transliteration__ValueToken"
                >
                  <span
                    class=""
                  >
                    kur-kur
                  </span>
                </span>
                <sup />
              </span>
            </span>
          </td>
          <td
            class="chapter-display__line-number"
          >
            2
          </td>
          <td
            class="chapter-display__translation"
          >
            <div>
              <span>
                Wijada pacopavi lepoaze ahawa ezis nofa ihelvok imaesu zu paduis zocuzmev oc.
              </span>
            </div>
          </td>
        </tr>
      </tbody>
    </table>
  </section>
</div>
`;
