// Jest Snapshot v1, https://goo.gl/fbAQLP

exports[`Show manuscript line details 1`] = `
<h3
  class="popover-header manuscript-popover__header"
>
  BabLBCompimofumew
  <span
    class="manuscript-popover__old-sigla"
  >
    Â (

    <span
      class="manuscript-popover__old-sigla__bibliography"
    >
      <span>
        fuwriv
      </span>
      <sup>

        <span
          class="reference-popover__citation"
        >
          Estrada & Wolfe, 2069: 7477711662481408-4847418310918144 
          [
          l. 4'.2., 3'.
          ]
          <span
            class="type-abbreviation"
          >
             (C)
          </span>
        </span>
      </sup>
    </span>
    )
  </span>
</h3>
`;
