// Jest Snapshot v1, https://goo.gl/fbAQLP

exports[`displays the annotation tool 1`] = `
<div>
  <div
    class="lemmatizer__anno-tool container-fluid"
  >
    <div
      class="row"
    >
      <div
        class="col"
      >
        <div
          class="modal show lemmatizer__editor"
        >
          <div
            class="modal-dialog lemmatizer__modal"
          >
            <div
              class="modal-content"
            >
              <div
                class="modal-header"
              >
                <h6
                  class="modal-title"
                >
                  1: kur
                </h6>
              </div>
              <div
                class="modal-body"
              >
                <form
                  class=""
                >
                  <div
                    class="lemmatizer__editor__row form-group row"
                  >
                    <div
                      class="lemmatizer__editor__lemma-select css-2b097c-container"
                    >
                      <span
                        aria-live="polite"
                        class="css-1laao21-a11yText"
                      >
                        <span
                          id="aria-selection-event"
                        >
                           
                          
                        </span>
                        <span
                          id="aria-context"
                        >
                           
                            0 results available. edit-token-lemmas is focused ,type to refine list, press Down to open the menu,  press left to focus selected values
                        </span>
                      </span>
                      <div
                        class=" css-1pahdxg-control"
                      >
                        <div
                          class=" css-g1d714-ValueContainer"
                        >
                          <div
                            class=" css-1wa3eu0-placeholder"
                          >
                            ---
                          </div>
                          <div
                            class="css-b8ldur-Input"
                          >
                            <div
                              class=""
                              style="display: inline-block;"
                            >
                              <input
                                aria-autocomplete="list"
                                aria-label="edit-token-lemmas"
                                autocapitalize="none"
                                autocomplete="off"
                                autocorrect="off"
                                id="react-select-2-input"
                                spellcheck="false"
                                style="box-sizing: content-box; width: 2px; border: 0px; opacity: 1; outline: 0; padding: 0px;"
                                tabindex="0"
                                type="text"
                                value=""
                              />
                              <div
                                style="position: absolute; top: 0px; left: 0px; visibility: hidden; height: 0px; overflow: scroll; white-space: pre; font-family: -webkit-small-control; letter-spacing: normal; text-transform: none;"
                              />
                            </div>
                          </div>
                        </div>
                        <div
                          class=" css-1hb7zxy-IndicatorsContainer"
                        >
                          <span
                            class=" css-1okebmr-indicatorSeparator"
                          />
                          <div
                            aria-hidden="true"
                            class=" css-1gtu0rj-indicatorContainer"
                          >
                            <svg
                              aria-hidden="true"
                              class="css-6q0nyr-Svg"
                              focusable="false"
                              height="20"
                              viewBox="0 0 20 20"
                              width="20"
                            >
                              <path
                                d="M4.516 7.548c0.436-0.446 1.043-0.481 1.576 0l3.908 3.747 3.908-3.747c0.533-0.481 1.141-0.446 1.574 0 0.436 0.445 0.408 1.197 0 1.615-0.406 0.418-4.695 4.502-4.695 4.502-0.217 0.223-0.502 0.335-0.787 0.335s-0.57-0.112-0.789-0.335c0 0-4.287-4.084-4.695-4.502s-0.436-1.17 0-1.615z"
                              />
                            </svg>
                          </div>
                        </div>
                      </div>
                    </div>
                    <div
                      class="lemmatizer__editor__action-button dropdown btn-group"
                      role="group"
                    >
                      <button
                        aria-label="reset-current-token"
                        class="btn btn-secondary"
                        disabled=""
                        type="button"
                      >
                        <i
                          class="fas fa-rotate-left"
                        />
                      </button>
                      <button
                        aria-expanded="false"
                        aria-haspopup="true"
                        class="dropdown-toggle dropdown-toggle-split btn btn-secondary"
                        disabled=""
                        id="dropdown-split-basic"
                        type="button"
                      >
                        <i
                          class="fas fa-caret-down"
                        />
                      </button>
                    </div>
                  </div>
                </form>
              </div>
              <div
                class="lemmatizer__editor__footer modal-footer"
              >
                <button
                  aria-label="autofill-lemmas"
                  class="btn btn-outline-primary"
                  type="button"
                >
                  <i
                    class="fas fa-wand-magic-sparkles"
                  />
                   
                  Autofill
                </button>
                <button
                  aria-label="save-updates"
                  class="btn btn-primary"
                  disabled=""
                  type="button"
                >
                  Save
                </button>
              </div>
            </div>
          </div>
        </div>
      </div>
      <div
        class="lemmatizer__text-col col"
      >
        <div
          class="lemmatizer__text-wrapper"
        >
          <table
            class="Transliteration__lines"
          >
            <tbody>
              <tr
                id="line-1"
              >
                <td
                  class="Transliteration__TextLine"
                >
                  <sup>
                    (
                    1
                    )
                  </sup>
                </td>
                <td
                  colspan="1"
                >
                  <span
                    class="Transliteration__Word Transliteration__Word--AKKADIAN"
                  >
                    <span
                      class=""
                    >
                      <span
                        class="Transliteration__Reading"
                      >
                        <span
                          class=""
                        >
                          <span
                            class="Transliteration__ValueToken"
                          >
                            <span
                              class=""
                            >
                              érin
                            </span>
                          </span>
                          <sup
                            class="Transliteration__modifier"
                          />
                          <sup
                            class="Transliteration__flag"
                          />
                        </span>
                      </span>
                      <span
                        class="Transliteration__Joiner"
                      >
                        <span
                          class=""
                        >
                          -
                        </span>
                      </span>
                      <span
                        class="Transliteration__BrokenAway"
                      >
                        <span
                          class=""
                        >
                          [
                        </span>
                      </span>
                      <span
                        class="Transliteration__PerhapsBrokenAway"
                      >
                        <span
                          class="Transliteration__PerhapsBrokenAway--BROKEN_AWAY"
                        >
                          (
                        </span>
                      </span>
                      <span
                        class="Transliteration__Logogram"
                      >
                        <span
                          class="Transliteration__Logogram--BROKEN_AWAY Transliteration__Logogram--PERHAPS_BROKEN_AWAY"
                        >
                          <span
                            class="Transliteration__ValueToken"
                          >
                            <span
                              class="Transliteration__ValueToken--BROKEN_AWAY Transliteration__ValueToken--PERHAPS_BROKEN_AWAY"
                            >
                              ŠÁ
                            </span>
                          </span>
                          <sup
                            class="Transliteration__modifier"
                          />
                          <sup
                            class="Transliteration__flag"
                          />
                        </span>
                      </span>
                      <span
                        class="Transliteration__Joiner"
                      >
                        <span
                          class="Transliteration__Joiner--BROKEN_AWAY Transliteration__Joiner--PERHAPS_BROKEN_AWAY"
                        >
                          -
                        </span>
                      </span>
                      <span
                        class="Transliteration__Variant"
                      >
                        <span
                          class="Transliteration__Reading"
                        >
                          <span
                            class="Transliteration__Reading--BROKEN_AWAY Transliteration__Reading--PERHAPS_BROKEN_AWAY"
                          >
                            <span
                              class="Transliteration__ValueToken"
                            >
                              <span
                                class="Transliteration__ValueToken--BROKEN_AWAY Transliteration__ValueToken--PERHAPS_BROKEN_AWAY"
                              >
                                šà
                              </span>
                            </span>
                            <sup
                              class="Transliteration__modifier"
                            />
                            <sup
                              class="Transliteration__flag"
                            />
                          </span>
                        </span>
                        /
                        <span
                          class="Transliteration__Logogram"
                        >
                          <span
                            class="Transliteration__Logogram--BROKEN_AWAY Transliteration__Logogram--PERHAPS_BROKEN_AWAY"
                          >
                            <span
                              class="Transliteration__ValueToken"
                            >
                              <span
                                class="Transliteration__ValueToken--BROKEN_AWAY Transliteration__ValueToken--PERHAPS_BROKEN_AWAY"
                              >
                                GÌRI
                              </span>
                            </span>
                            <sup
                              class="Transliteration__modifier"
                            />
                            <sup
                              class="Transliteration__flag"
                            />
                          </span>
                        </span>
                      </span>
                      <span
                        class="Transliteration__PerhapsBrokenAway"
                      >
                        <span
                          class="Transliteration__PerhapsBrokenAway--BROKEN_AWAY Transliteration__PerhapsBrokenAway--PERHAPS_BROKEN_AWAY"
                        >
                          )
                        </span>
                      </span>
                    </span>
                  </span>
                  <span
                    class="Transliteration__wordSeparator Transliteration__wordSeparator--AKKADIAN"
                  >
                     
                  </span>
                  <span
                    class="lemmatizer__token-wrapper editable selected"
                    role="button"
                  >
                    <span
                      class="Transliteration__Word Transliteration__Word--AKKADIAN"
                    >
                      <span
                        class=""
                      >
                        <span
                          class="Transliteration__Reading"
                        >
                          <span
                            class=""
                          >
                            <span
                              class="Transliteration__ValueToken"
                            >
                              <span
                                class=""
                              >
                                kur
                              </span>
                            </span>
                            <sup
                              class="Transliteration__modifier"
                            />
                            <sup
                              class="Transliteration__flag"
                            />
                          </span>
                        </span>
                      </span>
                    </span>
                    <span
                      class="badge badge-danger"
                    >
                      Empty
                    </span>
                  </span>
                  <span
                    class="Transliteration__wordSeparator Transliteration__wordSeparator--AKKADIAN"
                  >
                     
                  </span>
                  <span
                    class="lemmatizer__token-wrapper editable"
                    role="button"
                  >
                    <span
                      class="Transliteration__Word Transliteration__Word--AKKADIAN"
                    >
                      <span
                        class="Transliteration__Word--BROKEN_AWAY"
                      >
                        <span
                          class="Transliteration__Reading"
                        >
                          <span
                            class="Transliteration__Reading--BROKEN_AWAY"
                          >
                            <span
                              class="Transliteration__ValueToken"
                            >
                              <span
                                class="Transliteration__ValueToken--BROKEN_AWAY"
                              >
                                saḫ
                              </span>
                            </span>
                            <sup
                              class="Transliteration__modifier"
                            />
                            <sup
                              class="Transliteration__flag"
                            />
                          </span>
                        </span>
                        <span
                          class="Transliteration__Joiner"
                        >
                          <span
                            class="Transliteration__Joiner--BROKEN_AWAY"
                          >
                            -
                          </span>
                        </span>
                        <span
                          class="Transliteration__Logogram"
                        >
                          <span
                            class="Transliteration__Logogram--BROKEN_AWAY"
                          >
                            <span
                              class="Transliteration__ValueToken"
                            >
                              <span
                                class="Transliteration__ValueToken--BROKEN_AWAY"
                              >
                                SAḪ
                              </span>
                            </span>
                            <sup
                              class="Transliteration__modifier"
                            />
                            <sup
                              class="Transliteration__flag"
                            />
                          </span>
                        </span>
                      </span>
                    </span>
                    <span
                      class="badge badge-danger"
                    >
                      Empty
                    </span>
                  </span>
                  <span
                    class="Transliteration__wordSeparator Transliteration__wordSeparator--AKKADIAN"
                  >
                     
                  </span>
                  <span
                    class="Transliteration__UnknownNumberOfSigns Transliteration__UnknownNumberOfSigns--AKKADIAN"
                  >
                    …
                  </span>
                  <span
                    class="Transliteration__BrokenAway Transliteration__BrokenAway--AKKADIAN"
                  >
                    <span
                      class="Transliteration__BrokenAway--BROKEN_AWAY"
                    >
                      ]
                    </span>
                  </span>
                </td>
                <td>
                   
                </td>
              </tr>
              <tr
                id="line-2"
              >
                <td
                  class="Transliteration__TextLine"
                >
                  <sup>
                    (
                    2
                    )
                  </sup>
                </td>
                <td
                  colspan="1"
                >
                  <span
                    class="lemmatizer__token-wrapper editable"
                    role="button"
                  >
                    <span
                      class="Transliteration__AkkadianWord Transliteration__AkkadianWord--AKKADIAN"
                    >
                      <span
                        class=""
                      >
                        <span
                          class="Transliteration__Reading"
                        >
                          <span
                            class=""
                          >
                            <span
                              class="Transliteration__ValueToken"
                            >
                              <span
                                class=""
                              >
                                kur
                              </span>
                            </span>
                            <sup
                              class="Transliteration__modifier"
                            />
                            <sup
                              class="Transliteration__flag"
                            />
                          </span>
                        </span>
                        <sup
                          class="Transliteration__flag"
                        />
                      </span>
                    </span>
                    <span
                      class="lemmatizer__lemma-preview"
                    >
                      aklu I
                    </span>
                  </span>
                </td>
                <td>
                   
                </td>
              </tr>
            </tbody>
          </table>
        </div>
      </div>
    </div>
  </div>
</div>
`;
