// Jest Snapshot v1, https://goo.gl/fbAQLP

exports[`Fetch logograms correctly displays unicode 1`] = `
<div>
  <div
    class="ml-5 row"
  >
    <div
      class="col"
    >
      <span
        class="unicode-large"
      >
        <a
          href="/signs/BU"
        >
          íÅç
        </a>
      </span>
      ‚ÄÉ
      <span
        class=""
      >
        <em>
          GID‚ÇÇ
        </em>
         some notes
      </span>
    </div>
  </div>
  <div
    class="text-center border border-dark mx-5 m-3 p-2"
  >
    <strong>
      From
    </strong>
    <br />
    Schramm, W.
    , 
    <em>
      Akkadische Logogramme
    </em>
    . 
    Zweite, revidierte Auflage. G√∂ttinger Beitr√§ge zum Alten Orient 5. G√∂ttingen: Universit√§tsverlag
G√∂ttingen, ¬≤2010
    .
    <br />
    <a
      class="text-dark "
      href="https://creativecommons.org/licenses/by-nd/3.0/"
      rel="noopener noreferrer"
      target="_blank"
    >
      <strong>
        CC BY-ND 3.0
      </strong>
    </a>
    <br />
    <a
      class="text-dark "
      href="https://univerlag.uni-goettingen.de/handle/3/isbn-978-3-941875-65-4"
      rel="noopener noreferrer"
      target="_blank"
    >
      <i
        class="pointer__hover my-2 fas fa-external-link-square-alt"
      />
    </a>
  </div>
</div>
`;
