// Jest Snapshot v1, https://goo.gl/fbAQLP

exports[`MesZl MesZl Content 1`] = `
<div>
  <div>
    <pre>
      <div
        class="text-center"
      >
        <p>
          123	
          <strong>
            ALSK13
          </strong>
          	𒁇𒍴
        </p>
      </div>
    </pre>
  </div>
  <div>
    <p>
      Lorem ipsum dolor 
      <em>
        sit
      </em>
       amet, consetetur 
      <span
        style="color: #00610F;"
      >
        <em>
          sadipscing
        </em>
        (
        <em>
          l
        </em>
        )
        <em>
          ubasd
        </em>
      </span>
      sadipscing elitr, sed diam 
      <em>
        nonumy
      </em>
    </p>
    

    <p>
      eirmod tempor invidunt ut labore et dolore magna aliquyam erat, sed diam voluptua. At vero eos et accusam et justo duo dolores et ea rebum. Stet c
    </p>
    

    <p>
      lita kasd gubergren, no sea takimata sanctus est Lorem ipsum dolor sit amet. Lorem ipsum dolor sit amet, consetetur sadipscing elitr, sed diam
    </p>
    

    <p>
      <sup>
        aba
      </sup>
      𒁇𒊩 = BAR-MUNUS = 
      <em>
        parratu
      </em>
      , weibliches Lamm. CAD 
      <span
        style="color: #00610F;"
      >
        P
      </span>
       192b liest 
      <em>
        parsallu
      </em>
      .
    </p>
    

    <p>
      <span
        style="color: #00610F;"
      >
        P
      </span>
    </p>
    

    <p>
      <sup>
        aba
      </sup>
      𒁇𒋝
    </p>
  </div>
  <div
    class="text-center"
  >
    <br />
    <strong>
      <a
        href="/signs/ALSK13"
      >
        (Read more ...)
      </a>
    </strong>
    <br />
    <br />
  </div>
  <div
    class="text-center border border-dark"
  >
    <strong>
      From
    </strong>
    <br />
    R. Borger,
     
    <em>
      Mesopotamisches Zeichenlexikon. Zweite, revidierte und aktualisierte Auflage. 
    </em>
    Alter Orient und Altes Testament 305.
    <br />
     Münster: Ugarit-Verlag, 
    <sup>
      2
    </sup>
    2010; Kapitel Ⅲ.
    <br />
    <br />
    <strong>
      By permission from Ugarit-Verlag.
    </strong>
    <br />
    <a
      class="text-dark "
      href="https://ugarit-verlag.com/en/products/0e8e7ca5d1f5493aa351e3ebc42fb514"
      rel="noopener noreferrer"
      target="_blank"
    >
      <i
        class="pointer__hover my-2 fas fa-shopping-cart fa-2x"
      />
    </a>
  </div>
</div>
`;
