// Jest Snapshot v1, https://goo.gl/fbAQLP

exports[`LineColumns 1`] = `
<div>
  <td
    colspan="1"
  >
    <span
      class="Transliteration__wordSeparator Transliteration__wordSeparator--AKKADIAN"
    >
       
    </span>
    <span
      class="Transliteration__Word Transliteration__Word--AKKADIAN"
    >
      <span
        class="word-info__wrapper"
      >
        <span
          class=""
        >
          <span
            class="Transliteration__Reading"
          >
            <span
              class=""
            >
              <span
                class="Transliteration__ValueToken"
              >
                <span
                  class=""
                >
                  érin
                </span>
              </span>
              <sup
                class="Transliteration__modifier"
              />
              <sup
                class="Transliteration__flag"
              />
            </span>
          </span>
          <span
            class="Transliteration__Joiner"
          >
            <span
              class=""
            >
              -
            </span>
          </span>
          <span
            class="Transliteration__BrokenAway"
          >
            <span
              class=""
            >
              [
            </span>
          </span>
          <span
            class="Transliteration__PerhapsBrokenAway"
          >
            <span
              class="Transliteration__PerhapsBrokenAway--BROKEN_AWAY"
            >
              (
            </span>
          </span>
          <span
            class="Transliteration__Logogram"
          >
            <span
              class="Transliteration__Logogram--BROKEN_AWAY Transliteration__Logogram--PERHAPS_BROKEN_AWAY"
            >
              <span
                class="Transliteration__ValueToken"
              >
                <span
                  class="Transliteration__ValueToken--BROKEN_AWAY Transliteration__ValueToken--PERHAPS_BROKEN_AWAY"
                >
                  ŠÁ
                </span>
              </span>
              <sup
                class="Transliteration__modifier"
              />
              <sup
                class="Transliteration__flag"
              />
            </span>
          </span>
          <span
            class="Transliteration__Joiner"
          >
            <span
              class="Transliteration__Joiner--BROKEN_AWAY Transliteration__Joiner--PERHAPS_BROKEN_AWAY"
            >
              -
            </span>
          </span>
          <span
            class="Transliteration__Variant"
          >
            <span
              class="Transliteration__Reading"
            >
              <span
                class="Transliteration__Reading--BROKEN_AWAY Transliteration__Reading--PERHAPS_BROKEN_AWAY"
              >
                <span
                  class="Transliteration__ValueToken"
                >
                  <span
                    class="Transliteration__ValueToken--BROKEN_AWAY Transliteration__ValueToken--PERHAPS_BROKEN_AWAY"
                  >
                    šà
                  </span>
                </span>
                <sup
                  class="Transliteration__modifier"
                />
                <sup
                  class="Transliteration__flag"
                />
              </span>
            </span>
            /
            <span
              class="Transliteration__Logogram"
            >
              <span
                class="Transliteration__Logogram--BROKEN_AWAY Transliteration__Logogram--PERHAPS_BROKEN_AWAY"
              >
                <span
                  class="Transliteration__ValueToken"
                >
                  <span
                    class="Transliteration__ValueToken--BROKEN_AWAY Transliteration__ValueToken--PERHAPS_BROKEN_AWAY"
                  >
                    GÌRI
                  </span>
                </span>
                <sup
                  class="Transliteration__modifier"
                />
                <sup
                  class="Transliteration__flag"
                />
              </span>
            </span>
          </span>
          <span
            class="Transliteration__PerhapsBrokenAway"
          >
            <span
              class="Transliteration__PerhapsBrokenAway--BROKEN_AWAY Transliteration__PerhapsBrokenAway--PERHAPS_BROKEN_AWAY"
            >
              )
            </span>
          </span>
        </span>
      </span>
    </span>
    <span
      class="Transliteration__wordSeparator Transliteration__wordSeparator--AKKADIAN"
    >
       
    </span>
    <span
      class="Transliteration__Word Transliteration__Word--AKKADIAN"
    >
      <span
        class="word-info__wrapper"
      >
        <span
          class=""
        >
          <span
            class="Transliteration__Reading"
          >
            <span
              class=""
            >
              <span
                class="Transliteration__ValueToken"
              >
                <span
                  class=""
                >
                  kur
                </span>
              </span>
              <sup
                class="Transliteration__modifier"
              />
              <sup
                class="Transliteration__flag"
              />
            </span>
          </span>
        </span>
      </span>
    </span>
    <span
      class="Transliteration__wordSeparator Transliteration__wordSeparator--AKKADIAN"
    >
       
    </span>
    <span
      class="Transliteration__Word Transliteration__Word--AKKADIAN"
    >
      <span
        class="word-info__wrapper"
      >
        <span
          class="Transliteration__Word--BROKEN_AWAY"
        >
          <span
            class="Transliteration__Reading"
          >
            <span
              class="Transliteration__Reading--BROKEN_AWAY"
            >
              <span
                class="Transliteration__ValueToken"
              >
                <span
                  class="Transliteration__ValueToken--BROKEN_AWAY"
                >
                  saḫ
                </span>
              </span>
              <sup
                class="Transliteration__modifier"
              />
              <sup
                class="Transliteration__flag"
              />
            </span>
          </span>
          <span
            class="Transliteration__Joiner"
          >
            <span
              class="Transliteration__Joiner--BROKEN_AWAY"
            >
              -
            </span>
          </span>
          <span
            class="Transliteration__Logogram"
          >
            <span
              class="Transliteration__Logogram--BROKEN_AWAY"
            >
              <span
                class="Transliteration__ValueToken"
              >
                <span
                  class="Transliteration__ValueToken--BROKEN_AWAY"
                >
                  SAḪ
                </span>
              </span>
              <sup
                class="Transliteration__modifier"
              />
              <sup
                class="Transliteration__flag"
              />
            </span>
          </span>
        </span>
      </span>
    </span>
    <span
      class="Transliteration__wordSeparator Transliteration__wordSeparator--AKKADIAN"
    >
       
    </span>
    <span
      class="Transliteration__UnknownNumberOfSigns Transliteration__UnknownNumberOfSigns--AKKADIAN"
    >
      …
    </span>
    <span
      class="Transliteration__BrokenAway Transliteration__BrokenAway--AKKADIAN"
    >
      <span
        class="Transliteration__BrokenAway--BROKEN_AWAY"
      >
        ]
      </span>
    </span>
  </td>
</div>
`;
