// Jest Snapshot v1, https://goo.gl/fbAQLP

exports[`Sign Display Sign Display Snapshot 1`] = `
<div>
  <main
    class="main"
  >
    <div
      class="main__content"
    >
      <header
        class="main__header"
      >
        <nav
          aria-label="breadcrumb"
          class="main__breadcrumbs"
        >
          <ol
            class="breadcrumb"
          >
            <li
              class="breadcrumb-item active"
            >
              <a
                href="/"
              >
                eBL
              </a>
            </li>
            <li
              class="breadcrumb-item active"
            >
              <a
                href="/signs"
              >
                Signs
              </a>
            </li>
            <li
              aria-current="page"
              class="breadcrumb-item active"
            >
              BU
            </li>
          </ol>
        </nav>
        <h2
          class="main__heading"
        >
           
        </h2>
        <div
          class="main__toolbar btn-toolbar"
          role="toolbar"
        />
      </header>
      <div
        class="container"
      >
        <div
          class="row"
        >
          <div
            class="col-3"
          >
            <h2>
              BU
            </h2>
          </div>
          <div
            class="col"
          >
            <div
              class="row"
            >
              <div
                class="col-4"
              >
                <div
                  class="row"
                >
                  <div
                    class="col-auto"
                  >
                    <h3
                      class="CuneiformFonts__heading-old-babylonian-monumental"
                    >
                      íÜè
                    </h3>
                  </div>
                  <div
                    class="col"
                  >
                    <span
                      class="text-secondary signHeading__cuneiformSign__description"
                    >
                      Old Babylonian (Monumental)
                    </span>
                  </div>
                </div>
              </div>
              <div
                class="col-4"
              >
                <div
                  class="row"
                >
                  <div
                    class="col-auto"
                  >
                    <h3
                      class="CuneiformFonts__heading-old-babylonian-cursive"
                    >
                      íÜè
                    </h3>
                  </div>
                  <div
                    class="col"
                  >
                    <span
                      class="text-secondary signHeading__cuneiformSign__description"
                    >
                      Old Babylonian Cursive
                    </span>
                  </div>
                </div>
              </div>
              <div
                class="col-4"
              >
                <div
                  class="row"
                >
                  <div
                    class="col-auto"
                  >
                    <h3
                      class="CuneiformFonts__heading-hittite"
                    >
                      íÜè
                    </h3>
                  </div>
                  <div
                    class="col"
                  >
                    <span
                      class="text-secondary signHeading__cuneiformSign__description"
                    >
                      Hittite
                    </span>
                  </div>
                </div>
              </div>
              <div
                class="col-4"
              >
                <div
                  class="row"
                >
                  <div
                    class="col-auto"
                  >
                    <h3
                      class=""
                    >
                      íÜè
                    </h3>
                  </div>
                  <div
                    class="col"
                  >
                    <span
                      class="text-secondary signHeading__cuneiformSign__description"
                    >
                      Neo-Assyrian
                    </span>
                  </div>
                </div>
              </div>
              <div
                class="col-4"
              >
                <div
                  class="row"
                >
                  <div
                    class="col-auto"
                  >
                    <h3
                      class="CuneiformFonts__heading-neo-babylonian"
                    >
                      íÜè
                    </h3>
                  </div>
                  <div
                    class="col"
                  >
                    <span
                      class="text-secondary signHeading__cuneiformSign__description"
                    >
                      Neo-Babylonian
                    </span>
                  </div>
                </div>
              </div>
              <div
                class="col"
              >
                <i
                  class="fas fa-info-circle"
                />
              </div>
            </div>
          </div>
        </div>
        <div
          class="row"
        >
          <div
            class="col"
          >
            <div
              class="row"
            >
              <div
                class="col"
              >
                <h3>
                  ‚Ö†. Sign Information
                </h3>
              </div>
            </div>
            <div
              class="ml-5"
            >
              <div
                class="row"
              >
                <div
                  class="col-auto"
                >
                  Sign Lists:
                   
                </div>
                <i
                  class="fas fa-info-circle"
                />
              </div>
              <div
                class="row"
              >
                <div
                  class="col"
                >
                  <span
                    class="mr-3"
                  >
                    <strong>
                      La
                    </strong>
                    te
                    <strong>
                       Ba
                    </strong>
                    bylonian
                    <strong>
                       Si
                    </strong>
                    gns: 
                    123
                  </span>
                  <a
                    class="text-dark "
                    href="https://labasi.acdh.oeaw.ac.at/tablets/sign/detail/123"
                    rel="noopener noreferrer"
                    target="_blank"
                  >
                    <i
                      class="fas fa-external-link-square-alt fa-1x"
                    />
                  </a>
                </div>
              </div>
              <div
                class="row"
              >
                <div
                  class="col"
                >
                  Readings: 
                  <em>
                    du
                  </em>
                  , 
                  <em>
                    dul
                  </em>
                  ‚ÇÅ‚ÇÄ, 
                  <em>
                    gabu
                  </em>
                  ~x~
                </div>
              </div>
            </div>
          </div>
        </div>
        <div
          class="mt-5 row"
        >
          <div
            class="row"
          >
            <div
              class="col"
            >
              <h3>
                ‚Ö°. Mesopotamisches Zeichenlexikon
              </h3>
            </div>
          </div>
          <div
            class="ml-5"
          >
            <div
              class="row"
            >
              <div
                class="ml-4 mt-3 col"
              >
                <div
                  class="mesZL__popover"
                >
                  <pre>
                    <div
                      class="text-center"
                    >
                      123	
                      <strong>
                        ALSK13
                      </strong>
                      	íÅáíç¥
                    </div>
                  </pre>
                </div>
                <div
                  class="text-align-justify"
                >
                  Lorem ipsum dolor 
                  <em>
                    sit
                  </em>
                   amet, consetetur 
                  <span
                    style="color: #00610F;"
                  >
                    <em>
                      sadipscing
                    </em>
                    (
                    <em>
                      l
                    </em>
                    )
                    <em>
                      ubasd
                    </em>
                  </span>
                  sadipscing elitr, sed diam 
                  <em>
                    nonumy
                  </em>
                  <p />
                  

                  <p>
                    eirmod tempor invidunt ut labore et dolore magna aliquyam erat, sed diam voluptua. At vero eos et accusam et justo duo dolores et ea rebum. Stet c
                  </p>
                  

                  <p>
                    lita kasd gubergren, no sea takimata sanctus est Lorem ipsum dolor sit amet. Lorem ipsum dolor sit amet, consetetur sadipscing elitr, sed diam
                  </p>
                  

                  <p>
                    <sup>
                      aba
                    </sup>
                    íÅáíä© = BAR-MUNUS = 
                    <em>
                      parratu
                    </em>
                    , weibliches Lamm. CAD 
                    <span
                      style="color: #00610F;"
                    >
                      P
                    </span>
                     192b liest 
                    <em>
                      parsallu
                    </em>
                    .
                  </p>
                  

                  <p>
                    <span
                      style="color: #00610F;"
                    >
                      P
                    </span>
                  </p>
                  

                  <p>
                    <sup>
                      aba
                    </sup>
                    íÅáíãù
                  </p>
                  

                  <p>
                    <sup>
                      asdg
                    </sup>
                    íãù
                  </p>
                  

                  <p>
                    <sup>
                      ghas
                    </sup>
                    íÅà
                  </p>
                  

                  <p>
                    íÅñ
                    <sup>
                      asd
                    </sup>
                  </p>
                  

                  <p>
                    íç¥
                    <sup>
                      q12asd
                    </sup>
                  </p>
                </div>
                <div
                  class="text-center border border-dark mx-5 m-3 p-2"
                >
                  <strong>
                    From
                  </strong>
                  <br />
                  Borger, R.
                  , 
                  <em>
                    Mesopotamisches Zeichenlexikon. Zweite, revidierte und aktualisierte Auflage
                  </em>
                  . 
                  Alter Orient und Altes Testament 305. M√ºnster: Ugarit-Verlag, ¬≤2010; Kapitel ‚Ö¢
                  .
                  <br />
                  <strong>
                    By permission from Ugarit-Verlag
                  </strong>
                  <br />
                  <a
                    class="text-dark "
                    href="https://ugarit-verlag.com/en/products/0e8e7ca5d1f5493aa351e3ebc42fb514"
                    rel="noopener noreferrer"
                    target="_blank"
                  >
                    <i
                      class="pointer__hover my-2 fas fa-shopping-cart fa-2x"
                    />
                    \`
                  </a>
                </div>
              </div>
            </div>
          </div>
        </div>
        <div
          class="container"
        >
          <div
            class="row"
          >
            <div
              class="col"
            >
              <figure
                class="figure"
              >
                <img
                  class="sign-images__sign-image figure-img img-fluid"
                  src="data:image/png;base64, test-base64-string"
                />
                <figcaption
                  class="figure-caption"
                >
                  <a
                    href="/fragmentarium/"
                  />
                  i stone wig 1' 
                  ¬†(
                  NA
                  )
                </figcaption>
              </figure>
            </div>
          </div>
          <div
            class="row"
          >
            <div
              class="col offset-5"
            >
              <ul
                class="pagination"
              >
                <li
                  class="page-item active"
                >
                  <span
                    class="page-link"
                  >
                    1
                    <span
                      class="sr-only"
                    >
                      (current)
                    </span>
                  </span>
                </li>
              </ul>
            </div>
          </div>
        </div>
      </div>
    </div>
  </main>
</div>
`;
